kevin@kevin-RV411-RV511-E3511-S3511-RV711:~/Desktop/git demo$ git
usage: git [--version] [--help] [-C <path>] [-c <name>=<value>]
           [--exec-path[=<path>]] [--html-path] [--man-path] [--info-path]
           [-p | --paginate | -P | --no-pager] [--no-replace-objects] [--bare]
           [--git-dir=<path>] [--work-tree=<path>] [--namespace=<name>]
           <command> [<args>]

These are common Git commands used in various situations:

start a working area (see also: git help tutorial)
   clone             Clone a repository into a new directory
   init              Create an empty Git repository or reinitialize an existing one

work on the current change (see also: git help everyday)
   add               Add file contents to the index
   mv                Move or rename a file, a directory, or a symlink
   restore           Restore working tree files
   rm                Remove files from the working tree and from the index
   sparse-checkout   Initialize and modify the sparse-checkout

examine the history and state (see also: git help revisions)
   bisect            Use binary search to find the commit that introduced a bug
   diff              Show changes between commits, commit and working tree, etc
   grep              Print lines matching a pattern
   log               Show commit logs
   show              Show various types of objects
   status            Show the working tree status

grow, mark and tweak your common history
   branch            List, create, or delete branches
   commit            Record changes to the repository
   merge             Join two or more development histories together
   rebase            Reapply commits on top of another base tip
   reset             Reset current HEAD to the specified state
   switch            Switch branches
   tag               Create, list, delete or verify a tag object signed with GPG

collaborate (see also: git help workflows)
   fetch             Download objects and refs from another repository
   pull              Fetch from and integrate with another repository or a local branch
   push              Update remote refs along with associated objects

'git help -a' and 'git help -g' list available subcommands and some
concept guides. See 'git help <command>' or 'git help <concept>'
to read about a specific subcommand or concept.
See 'git help git' for an overview of the system.
kevin@kevin-RV411-RV511-E3511-S3511-RV711:~/Desktop/git demo$ git -version
unknown option: -version
usage: git [--version] [--help] [-C <path>] [-c <name>=<value>]
           [--exec-path[=<path>]] [--html-path] [--man-path] [--info-path]
           [-p | --paginate | -P | --no-pager] [--no-replace-objects] [--bare]
           [--git-dir=<path>] [--work-tree=<path>] [--namespace=<name>]
           <command> [<args>]
kevin@kevin-RV411-RV511-E3511-S3511-RV711:~/Desktop/git demo$ git --version
git version 2.25.1
kevin@kevin-RV411-RV511-E3511-S3511-RV711:~/Desktop/git demo$ git config --global user.name "kevin_parre"
kevin@kevin-RV411-RV511-E3511-S3511-RV711:~/Desktop/git demo$ git config user.name
kevin_parre
kevin@kevin-RV411-RV511-E3511-S3511-RV711:~/Desktop/git demo$ git config user.email "kevin_parre@persistent.com"
fatal: not in a git directory
kevin@kevin-RV411-RV511-E3511-S3511-RV711:~/Desktop/git demo$ git config --list
user.name=kevin_parre
user.email=parrekevin@gmail.com
kevin@kevin-RV411-RV511-E3511-S3511-RV711:~/Desktop/git demo$ git config --list
user.name=kevin_parre
user.email=parrekevin@gmail.com
kevin@kevin-RV411-RV511-E3511-S3511-RV711:~/Desktop/git demo$ git init
Initialized empty Git repository in /home/kevin/Desktop/git demo/.git/
kevin@kevin-RV411-RV511-E3511-S3511-RV711:~/Desktop/git demo$ touch file.txt
kevin@kevin-RV411-RV511-E3511-S3511-RV711:~/Desktop/git demo$ git statuds
git: 'statuds' is not a git command. See 'git --help'.

The most similar command is
	status
kevin@kevin-RV411-RV511-E3511-S3511-RV711:~/Desktop/git demo$ git status
On branch master

No commits yet

Untracked files:
  (use "git add <file>..." to include in what will be committed)
	file.txt

nothing added to commit but untracked files present (use "git add" to track)
kevin@kevin-RV411-RV511-E3511-S3511-RV711:~/Desktop/git demo$ git add .
kevin@kevin-RV411-RV511-E3511-S3511-RV711:~/Desktop/git demo$ git add file.txt
kevin@kevin-RV411-RV511-E3511-S3511-RV711:~/Desktop/git demo$ git status
On branch master

No commits yet

Changes to be committed:
  (use "git rm --cached <file>..." to unstage)
	new file:   file.txt

kevin@kevin-RV411-RV511-E3511-S3511-RV711:~/Desktop/git demo$ git commit -m "first commit W1 fil is created hello world added"
[master (root-commit) 4a56703] first commit W1 fil is created hello world added
 1 file changed, 2 insertions(+)
 create mode 100644 file.txt
kevin@kevin-RV411-RV511-E3511-S3511-RV711:~/Desktop/git demo$ git stauts
git: 'stauts' is not a git command. See 'git --help'.

The most similar command is
	status
kevin@kevin-RV411-RV511-E3511-S3511-RV711:~/Desktop/git demo$ git status
On branch master
nothing to commit, working tree clean
kevin@kevin-RV411-RV511-E3511-S3511-RV711:~/Desktop/git demo$ git log
commit 4a56703bc4beb01321363ab067c1cdcc5092b86b (HEAD -> master)
Author: kevin_parre <parrekevin@gmail.com>
Date:   Wed Dec 29 16:31:38 2021 +0530

    first commit W1 fil is created hello world added
kevin@kevin-RV411-RV511-E3511-S3511-RV711:~/Desktop/git demo$ git log --oneline
4a56703 (HEAD -> master) first commit W1 fil is created hello world added
kevin@kevin-RV411-RV511-E3511-S3511-RV711:~/Desktop/git demo$ git log -1
commit 4a56703bc4beb01321363ab067c1cdcc5092b86b (HEAD -> master)
Author: kevin_parre <parrekevin@gmail.com>
Date:   Wed Dec 29 16:31:38 2021 +0530

    first commit W1 fil is created hello world added
kevin@kevin-RV411-RV511-E3511-S3511-RV711:~/Desktop/git demo$ git log -1 --oneline
4a56703 (HEAD -> master) first commit W1 fil is created hello world added
kevin@kevin-RV411-RV511-E3511-S3511-RV711:~/Desktop/git demo$ git log --help
kevin@kevin-RV411-RV511-E3511-S3511-RV711:~/Desktop/git demo$ git log --author "kevin_parre"
commit 4a56703bc4beb01321363ab067c1cdcc5092b86b (HEAD -> master)
Author: kevin_parre <parrekevin@gmail.com>
Date:   Wed Dec 29 16:31:38 2021 +0530

    first commit W1 fil is created hello world added
kevin@kevin-RV411-RV511-E3511-S3511-RV711:~/Desktop/git demo$ git log --since="12-23-2021"
commit 4a56703bc4beb01321363ab067c1cdcc5092b86b (HEAD -> master)
Author: kevin_parre <parrekevin@gmail.com>
Date:   Wed Dec 29 16:31:38 2021 +0530

    first commit W1 fil is created hello world added
kevin@kevin-RV411-RV511-E3511-S3511-RV711:~/Desktop/git demo$ git log --grep="first"
commit 4a56703bc4beb01321363ab067c1cdcc5092b86b (HEAD -> master)
Author: kevin_parre <parrekevin@gmail.com>
Date:   Wed Dec 29 16:31:38 2021 +0530

    first commit W1 fil is created hello world added
kevin@kevin-RV411-RV511-E3511-S3511-RV711:~/Desktop/git demo$ git diff
kevin@kevin-RV411-RV511-E3511-S3511-RV711:~/Desktop/git demo$ 


